Copyright 1986-2019 Xilinx, Inc. All Rights Reserved.
--------------------------------------------------------------------------------------
| Tool Version : Vivado v.2019.1 (lin64) Build 2552052 Fri May 24 14:47:09 MDT 2019
| Date         : Fri Jul 28 16:40:37 2023
| Host         : prakt10 running 64-bit Ubuntu 20.04.6 LTS
| Command      : report_clock_utilization -file hardware_clock_utilization_routed.rpt
| Design       : hardware
| Device       : 7z020-clg484
| Speed File   : -3  PRODUCTION 1.11 2014-09-11
| Design State : Routed
--------------------------------------------------------------------------------------

Clock Utilization Report

Table of Contents
-----------------
1. Clock Primitive Utilization
2. Global Clock Resources
3. Global Clock Source Details
4. Clock Regions: Key Resource Utilization
5. Clock Regions : Global Clock Summary
6. Device Cell Placement Summary for Global Clock g0
7. Device Cell Placement Summary for Global Clock g1
8. Device Cell Placement Summary for Global Clock g2
9. Device Cell Placement Summary for Global Clock g3
10. Device Cell Placement Summary for Global Clock g4
11. Device Cell Placement Summary for Global Clock g5
12. Device Cell Placement Summary for Global Clock g6
13. Device Cell Placement Summary for Global Clock g7
14. Device Cell Placement Summary for Global Clock g8
15. Device Cell Placement Summary for Global Clock g9
16. Clock Region Cell Placement per Global Clock: Region X0Y0
17. Clock Region Cell Placement per Global Clock: Region X1Y0
18. Clock Region Cell Placement per Global Clock: Region X0Y1
19. Clock Region Cell Placement per Global Clock: Region X1Y1

1. Clock Primitive Utilization
------------------------------

+----------+------+-----------+-----+--------------+--------+
| Type     | Used | Available | LOC | Clock Region | Pblock |
+----------+------+-----------+-----+--------------+--------+
| BUFGCTRL |   10 |        32 |   0 |            0 |      0 |
| BUFH     |    0 |        72 |   0 |            0 |      0 |
| BUFIO    |    0 |        16 |   0 |            0 |      0 |
| BUFMR    |    0 |         8 |   0 |            0 |      0 |
| BUFR     |    0 |        16 |   0 |            0 |      0 |
| MMCM     |    0 |         4 |   0 |            0 |      0 |
| PLL      |    0 |         4 |   0 |            0 |      0 |
+----------+------+-----------+-----+--------------+--------+


2. Global Clock Resources
-------------------------

+-----------+-----------+-----------------+------------+---------------+--------------+-------------------+-------------+-----------------+--------------+---------------------------+------------------------+--------------------------------+
| Global Id | Source Id | Driver Type/Pin | Constraint | Site          | Clock Region | Load Clock Region | Clock Loads | Non-Clock Loads | Clock Period | Clock                     | Driver Pin             | Net                            |
+-----------+-----------+-----------------+------------+---------------+--------------+-------------------+-------------+-----------------+--------------+---------------------------+------------------------+--------------------------------+
| g0        | src0      | BUFG/O          | None       | BUFGCTRL_X0Y1 | n/a          |                 3 |         273 |               0 |   100000.000 | clock_gen/i_clk_10K_reg/Q | clk_BUFG_inst/O        | clk_BUFG                       |
| g1        | src1      | BUFG/O          | None       | BUFGCTRL_X0Y0 | n/a          |                 1 |          85 |               1 |              |                           | LCD_E_OBUF_BUFG_inst/O | LCD_E_OBUF_BUFG                |
| g2        | src2      | BUFG/O          | None       | BUFGCTRL_X0Y3 | n/a          |                 2 |          74 |               0 |              |                           | dow_reg[31]_i_2/O      | clock_module/time_date/hour_1  |
| g3        | src3      | BUFG/O          | None       | BUFGCTRL_X0Y6 | n/a          |                 1 |          40 |               0 |              |                           | year_reg[31]_i_2/O     | clock_module/time_date/month_1 |
| g4        | src4      | BUFG/O          | None       | BUFGCTRL_X0Y5 | n/a          |                 2 |          40 |               0 |              |                           | min_reg[31]_i_2/O      | clock_module/time_date/sec_1   |
| g5        | src5      | BUFG/O          | None       | BUFGCTRL_X0Y7 | n/a          |                 1 |          39 |               0 |              |                           | hour_reg[31]_i_2/O     | clock_module/time_date/min_1   |
| g6        | src6      | BUFG/O          | None       | BUFGCTRL_X0Y8 | n/a          |                 1 |          38 |               0 |              |                           | month_reg[31]_i_2/O    | clock_module/time_date/day_1   |
| g7        | src7      | BUFG/O          | None       | BUFGCTRL_X0Y4 | n/a          |                 2 |          38 |              10 |              |                           | en_1_BUFG_inst/O       | en_1_BUFG                      |
| g8        | src8      | BUFG/O          | None       | BUFGCTRL_X0Y9 | n/a          |                 2 |          14 |               0 |       10.000 | GCLK                      | GCLK_IBUF_BUFG_inst/O  | GCLK_IBUF_BUFG                 |
| g9        | src9      | BUFG/O          | None       | BUFGCTRL_X0Y2 | n/a          |                 2 |           1 |             117 |              |                           | reset_BUFG_inst/O      | reset_BUFG                     |
+-----------+-----------+-----------------+------------+---------------+--------------+-------------------+-------------+-----------------+--------------+---------------------------+------------------------+--------------------------------+
* Clock Loads column represents the clock pin loads (pin count)
** Non-Clock Loads column represents the non-clock pin loads (pin count)


3. Global Clock Source Details
------------------------------

+-----------+-----------+-----------------+------------+--------------+--------------+-------------+-----------------+---------------------+---------------------------+----------------------------------------------+------------------------------------------------+
| Source Id | Global Id | Driver Type/Pin | Constraint | Site         | Clock Region | Clock Loads | Non-Clock Loads | Source Clock Period | Source Clock              | Driver Pin                                   | Net                                            |
+-----------+-----------+-----------------+------------+--------------+--------------+-------------+-----------------+---------------------+---------------------------+----------------------------------------------+------------------------------------------------+
| src0      | g0        | FDRE/Q          | None       | SLICE_X50Y50 | X1Y1         |           1 |               1 |          100000.000 | clock_gen/i_clk_10K_reg/Q | clock_gen/i_clk_10K_reg/Q                    | clock_gen/clk                                  |
| src1      | g1        | FDRE/Q          | None       | SLICE_X48Y46 | X0Y0         |           1 |               1 |                     |                           | top/clock_module/display_controller/en_reg/Q | top/clock_module/display_controller/LCD_E_OBUF |
| src2      | g2        | FDRE/Q          | None       | SLICE_X57Y28 | X1Y0         |           1 |               1 |                     |                           | top/clock_module/time_date/hour_1_reg/Q      | top/clock_module/time_date/hour_1_reg_0        |
| src3      | g3        | FDRE/Q          | None       | SLICE_X49Y39 | X0Y0         |           1 |               1 |                     |                           | top/clock_module/time_date/month_1_reg/Q     | top/clock_module/time_date/month_1_reg_0       |
| src4      | g4        | FDRE/Q          | None       | SLICE_X43Y35 | X0Y0         |           1 |               1 |                     |                           | top/clock_module/time_date/sec_1_reg/Q       | top/clock_module/time_date/sec_1_reg_0         |
| src5      | g5        | FDRE/Q          | None       | SLICE_X49Y38 | X0Y0         |           1 |               1 |                     |                           | top/clock_module/time_date/min_1_reg/Q       | top/clock_module/time_date/min_1_reg_0         |
| src6      | g6        | FDRE/Q          | None       | SLICE_X50Y35 | X1Y0         |           1 |               1 |                     |                           | top/clock_module/time_date/day_1_reg/Q       | top/clock_module/time_date/day_1_reg_0         |
| src7      | g7        | FDRE/Q          | None       | SLICE_X59Y36 | X1Y0         |           1 |               2 |                     |                           | clock_gen/en_1_reg/Q                         | clock_gen/en_1                                 |
| src8      | g8        | IBUF/O          | IOB_X0Y26  | IOB_X0Y26    | X0Y0         |           1 |               0 |              10.000 | GCLK                      | GCLK_IBUF_inst/O                             | GCLK_IBUF                                      |
| src9      | g9        | FDRE/Q          | None       | SLICE_X43Y21 | X0Y0         |           1 |              82 |                     |                           | reset_reg/Q                                  | reset                                          |
+-----------+-----------+-----------------+------------+--------------+--------------+-------------+-----------------+---------------------+---------------------------+----------------------------------------------+------------------------------------------------+
* Clock Loads column represents the clock pin loads (pin count)
** Non-Clock Loads column represents the non-clock pin loads (pin count)


4. Clock Regions: Key Resource Utilization
------------------------------------------

+-------------------+--------------+--------------+--------------+--------------+--------------+--------------+--------------+--------------+--------------+--------------+--------------+--------------+--------------+--------------+--------------+
|                   | Global Clock |     BUFRs    |    BUFMRs    |    BUFIOs    |     MMCM     |      PLL     |      GT      |      PCI     |    ILOGIC    |    OLOGIC    |      FF      |     LUTM     |    RAMB18    |    RAMB36    |    DSP48E2   |
+-------------------+------+-------+------+-------+------+-------+------+-------+------+-------+------+-------+------+-------+------+-------+------+-------+------+-------+------+-------+------+-------+------+-------+------+-------+------+-------+
| Clock Region Name | Used | Avail | Used | Avail | Used | Avail | Used | Avail | Used | Avail | Used | Avail | Used | Avail | Used | Avail | Used | Avail | Used | Avail | Used | Avail | Used | Avail | Used | Avail | Used | Avail | Used | Avail |
+-------------------+------+-------+------+-------+------+-------+------+-------+------+-------+------+-------+------+-------+------+-------+------+-------+------+-------+------+-------+------+-------+------+-------+------+-------+------+-------+
| X0Y0              |    7 |    12 |    0 |     4 |    0 |     2 |    0 |     4 |    0 |     1 |    0 |     1 |    0 |     0 |    0 |     0 |    0 |    50 |    0 |    50 |  328 |  2500 |   81 |  1000 |    0 |    60 |    0 |    30 |    0 |    60 |
| X1Y0              |    8 |    12 |    0 |     4 |    0 |     2 |    0 |     4 |    0 |     1 |    0 |     1 |    0 |     0 |    0 |     0 |    0 |    50 |    0 |    50 |  291 |  3200 |  100 |   850 |    0 |    60 |    0 |    30 |    0 |    40 |
| X0Y1              |    1 |    12 |    0 |     0 |    0 |     0 |    0 |     0 |    0 |     0 |    0 |     0 |    0 |     0 |    0 |     0 |    0 |     0 |    0 |     0 |   12 |  1200 |    0 |   400 |    0 |    20 |    0 |    10 |    0 |    20 |
| X1Y1              |    1 |    12 |    0 |     4 |    0 |     2 |    0 |     4 |    0 |     1 |    0 |     1 |    0 |     0 |    0 |     0 |    0 |    50 |    0 |    50 |   10 |  2600 |    1 |   850 |    0 |    60 |    0 |    30 |    0 |    40 |
| X0Y2              |    0 |    12 |    0 |     0 |    0 |     0 |    0 |     0 |    0 |     0 |    0 |     0 |    0 |     0 |    0 |     0 |    0 |     0 |    0 |     0 |    0 |  1200 |    0 |   400 |    0 |    20 |    0 |    10 |    0 |    20 |
| X1Y2              |    0 |    12 |    0 |     4 |    0 |     2 |    0 |     4 |    0 |     1 |    0 |     1 |    0 |     0 |    0 |     0 |    0 |    50 |    0 |    50 |    0 |  2600 |    0 |   850 |    0 |    60 |    0 |    30 |    0 |    40 |
+-------------------+------+-------+------+-------+------+-------+------+-------+------+-------+------+-------+------+-------+------+-------+------+-------+------+-------+------+-------+------+-------+------+-------+------+-------+------+-------+
* Global Clock column represents track count; while other columns represents cell counts


5. Clock Regions : Global Clock Summary
---------------------------------------

All Modules
+----+----+----+
|    | X0 | X1 |
+----+----+----+
| Y2 |  0 |  0 |
| Y1 |  1 |  1 |
| Y0 |  7 |  8 |
+----+----+----+


6. Device Cell Placement Summary for Global Clock g0
----------------------------------------------------

+-----------+-----------------+-------------------+---------------------------+-------------+-------------------+-------------+----------+----------------+----------+----------+
| Global Id | Driver Type/Pin | Driver Region (D) | Clock                     | Period (ns) | Waveform (ns)     | Slice Loads | IO Loads | Clocking Loads | GT Loads | Net      |
+-----------+-----------------+-------------------+---------------------------+-------------+-------------------+-------------+----------+----------------+----------+----------+
| g0        | BUFG/O          | n/a               | clock_gen/i_clk_10K_reg/Q |  100000.000 | {0.000 50000.000} |         273 |        0 |              0 |        0 | clk_BUFG |
+-----------+-----------------+-------------------+---------------------------+-------------+-------------------+-------------+----------+----------------+----------+----------+
* Slice Loads column represents load cell count of all cell types other than IO, GT and clock resources
** IO Loads column represents load cell count of IO types
*** Clocking Loads column represents load cell count that are clock resources (global clock buffer, MMCM, PLL, etc)
**** GT Loads column represents load cell count of GT types


+----+-----+------+
|    | X0  | X1   |
+----+-----+------+
| Y2 |   0 |    0 |
| Y1 |  12 |    0 |
| Y0 |  96 |  165 |
+----+-----+------+


7. Device Cell Placement Summary for Global Clock g1
----------------------------------------------------

+-----------+-----------------+-------------------+-------+-------------+---------------+-------------+----------+----------------+----------+-----------------+
| Global Id | Driver Type/Pin | Driver Region (D) | Clock | Period (ns) | Waveform (ns) | Slice Loads | IO Loads | Clocking Loads | GT Loads | Net             |
+-----------+-----------------+-------------------+-------+-------------+---------------+-------------+----------+----------------+----------+-----------------+
| g1        | BUFG/O          | n/a               |       |             |               |          85 |        1 |              0 |        0 | LCD_E_OBUF_BUFG |
+-----------+-----------------+-------------------+-------+-------------+---------------+-------------+----------+----------------+----------+-----------------+
* Slice Loads column represents load cell count of all cell types other than IO, GT and clock resources
** IO Loads column represents load cell count of IO types
*** Clocking Loads column represents load cell count that are clock resources (global clock buffer, MMCM, PLL, etc)
**** GT Loads column represents load cell count of GT types


+----+-----+----+
|    | X0  | X1 |
+----+-----+----+
| Y2 |   0 |  0 |
| Y1 |   0 |  0 |
| Y0 |  86 |  0 |
+----+-----+----+


8. Device Cell Placement Summary for Global Clock g2
----------------------------------------------------

+-----------+-----------------+-------------------+-------+-------------+---------------+-------------+----------+----------------+----------+-------------------------------+
| Global Id | Driver Type/Pin | Driver Region (D) | Clock | Period (ns) | Waveform (ns) | Slice Loads | IO Loads | Clocking Loads | GT Loads | Net                           |
+-----------+-----------------+-------------------+-------+-------------+---------------+-------------+----------+----------------+----------+-------------------------------+
| g2        | BUFG/O          | n/a               |       |             |               |          74 |        0 |              0 |        0 | clock_module/time_date/hour_1 |
+-----------+-----------------+-------------------+-------+-------------+---------------+-------------+----------+----------------+----------+-------------------------------+
* Slice Loads column represents load cell count of all cell types other than IO, GT and clock resources
** IO Loads column represents load cell count of IO types
*** Clocking Loads column represents load cell count that are clock resources (global clock buffer, MMCM, PLL, etc)
**** GT Loads column represents load cell count of GT types


+----+-----+-----+
|    | X0  | X1  |
+----+-----+-----+
| Y2 |   0 |   0 |
| Y1 |   0 |   0 |
| Y0 |  35 |  39 |
+----+-----+-----+


9. Device Cell Placement Summary for Global Clock g3
----------------------------------------------------

+-----------+-----------------+-------------------+-------+-------------+---------------+-------------+----------+----------------+----------+--------------------------------+
| Global Id | Driver Type/Pin | Driver Region (D) | Clock | Period (ns) | Waveform (ns) | Slice Loads | IO Loads | Clocking Loads | GT Loads | Net                            |
+-----------+-----------------+-------------------+-------+-------------+---------------+-------------+----------+----------------+----------+--------------------------------+
| g3        | BUFG/O          | n/a               |       |             |               |          40 |        0 |              0 |        0 | clock_module/time_date/month_1 |
+-----------+-----------------+-------------------+-------+-------------+---------------+-------------+----------+----------------+----------+--------------------------------+
* Slice Loads column represents load cell count of all cell types other than IO, GT and clock resources
** IO Loads column represents load cell count of IO types
*** Clocking Loads column represents load cell count that are clock resources (global clock buffer, MMCM, PLL, etc)
**** GT Loads column represents load cell count of GT types


+----+----+-----+
|    | X0 | X1  |
+----+----+-----+
| Y2 |  0 |   0 |
| Y1 |  0 |   0 |
| Y0 |  0 |  40 |
+----+----+-----+


10. Device Cell Placement Summary for Global Clock g4
-----------------------------------------------------

+-----------+-----------------+-------------------+-------+-------------+---------------+-------------+----------+----------------+----------+------------------------------+
| Global Id | Driver Type/Pin | Driver Region (D) | Clock | Period (ns) | Waveform (ns) | Slice Loads | IO Loads | Clocking Loads | GT Loads | Net                          |
+-----------+-----------------+-------------------+-------+-------------+---------------+-------------+----------+----------------+----------+------------------------------+
| g4        | BUFG/O          | n/a               |       |             |               |          40 |        0 |              0 |        0 | clock_module/time_date/sec_1 |
+-----------+-----------------+-------------------+-------+-------------+---------------+-------------+----------+----------------+----------+------------------------------+
* Slice Loads column represents load cell count of all cell types other than IO, GT and clock resources
** IO Loads column represents load cell count of IO types
*** Clocking Loads column represents load cell count that are clock resources (global clock buffer, MMCM, PLL, etc)
**** GT Loads column represents load cell count of GT types


+----+-----+----+
|    | X0  | X1 |
+----+-----+----+
| Y2 |   0 |  0 |
| Y1 |   0 |  0 |
| Y0 |  36 |  4 |
+----+-----+----+


11. Device Cell Placement Summary for Global Clock g5
-----------------------------------------------------

+-----------+-----------------+-------------------+-------+-------------+---------------+-------------+----------+----------------+----------+------------------------------+
| Global Id | Driver Type/Pin | Driver Region (D) | Clock | Period (ns) | Waveform (ns) | Slice Loads | IO Loads | Clocking Loads | GT Loads | Net                          |
+-----------+-----------------+-------------------+-------+-------------+---------------+-------------+----------+----------------+----------+------------------------------+
| g5        | BUFG/O          | n/a               |       |             |               |          39 |        0 |              0 |        0 | clock_module/time_date/min_1 |
+-----------+-----------------+-------------------+-------+-------------+---------------+-------------+----------+----------------+----------+------------------------------+
* Slice Loads column represents load cell count of all cell types other than IO, GT and clock resources
** IO Loads column represents load cell count of IO types
*** Clocking Loads column represents load cell count that are clock resources (global clock buffer, MMCM, PLL, etc)
**** GT Loads column represents load cell count of GT types


+----+----+-----+
|    | X0 | X1  |
+----+----+-----+
| Y2 |  0 |   0 |
| Y1 |  0 |   0 |
| Y0 |  0 |  39 |
+----+----+-----+


12. Device Cell Placement Summary for Global Clock g6
-----------------------------------------------------

+-----------+-----------------+-------------------+-------+-------------+---------------+-------------+----------+----------------+----------+------------------------------+
| Global Id | Driver Type/Pin | Driver Region (D) | Clock | Period (ns) | Waveform (ns) | Slice Loads | IO Loads | Clocking Loads | GT Loads | Net                          |
+-----------+-----------------+-------------------+-------+-------------+---------------+-------------+----------+----------------+----------+------------------------------+
| g6        | BUFG/O          | n/a               |       |             |               |          38 |        0 |              0 |        0 | clock_module/time_date/day_1 |
+-----------+-----------------+-------------------+-------+-------------+---------------+-------------+----------+----------------+----------+------------------------------+
* Slice Loads column represents load cell count of all cell types other than IO, GT and clock resources
** IO Loads column represents load cell count of IO types
*** Clocking Loads column represents load cell count that are clock resources (global clock buffer, MMCM, PLL, etc)
**** GT Loads column represents load cell count of GT types


+----+-----+----+
|    | X0  | X1 |
+----+-----+----+
| Y2 |   0 |  0 |
| Y1 |   0 |  0 |
| Y0 |  38 |  0 |
+----+-----+----+


13. Device Cell Placement Summary for Global Clock g7
-----------------------------------------------------

+-----------+-----------------+-------------------+-------+-------------+---------------+-------------+----------+----------------+----------+-----------+
| Global Id | Driver Type/Pin | Driver Region (D) | Clock | Period (ns) | Waveform (ns) | Slice Loads | IO Loads | Clocking Loads | GT Loads | Net       |
+-----------+-----------------+-------------------+-------+-------------+---------------+-------------+----------+----------------+----------+-----------+
| g7        | BUFG/O          | n/a               |       |             |               |          48 |        0 |              0 |        0 | en_1_BUFG |
+-----------+-----------------+-------------------+-------+-------------+---------------+-------------+----------+----------------+----------+-----------+
* Slice Loads column represents load cell count of all cell types other than IO, GT and clock resources
** IO Loads column represents load cell count of IO types
*** Clocking Loads column represents load cell count that are clock resources (global clock buffer, MMCM, PLL, etc)
**** GT Loads column represents load cell count of GT types


+----+-----+-----+
|    | X0  | X1  |
+----+-----+-----+
| Y2 |   0 |   0 |
| Y1 |   0 |   0 |
| Y0 |  38 |  10 |
+----+-----+-----+


14. Device Cell Placement Summary for Global Clock g8
-----------------------------------------------------

+-----------+-----------------+-------------------+-------+-------------+---------------+-------------+----------+----------------+----------+----------------+
| Global Id | Driver Type/Pin | Driver Region (D) | Clock | Period (ns) | Waveform (ns) | Slice Loads | IO Loads | Clocking Loads | GT Loads | Net            |
+-----------+-----------------+-------------------+-------+-------------+---------------+-------------+----------+----------------+----------+----------------+
| g8        | BUFG/O          | n/a               | GCLK  |      10.000 | {0.000 5.000} |          14 |        0 |              0 |        0 | GCLK_IBUF_BUFG |
+-----------+-----------------+-------------------+-------+-------------+---------------+-------------+----------+----------------+----------+----------------+
* Slice Loads column represents load cell count of all cell types other than IO, GT and clock resources
** IO Loads column represents load cell count of IO types
*** Clocking Loads column represents load cell count that are clock resources (global clock buffer, MMCM, PLL, etc)
**** GT Loads column represents load cell count of GT types


+----+----+-----+
|    | X0 | X1  |
+----+----+-----+
| Y2 |  0 |   0 |
| Y1 |  0 |  10 |
| Y0 |  0 |   4 |
+----+----+-----+


15. Device Cell Placement Summary for Global Clock g9
-----------------------------------------------------

+-----------+-----------------+-------------------+-------+-------------+---------------+-------------+----------+----------------+----------+------------+
| Global Id | Driver Type/Pin | Driver Region (D) | Clock | Period (ns) | Waveform (ns) | Slice Loads | IO Loads | Clocking Loads | GT Loads | Net        |
+-----------+-----------------+-------------------+-------+-------------+---------------+-------------+----------+----------------+----------+------------+
| g9        | BUFG/O          | n/a               |       |             |               |         118 |        0 |              0 |        0 | reset_BUFG |
+-----------+-----------------+-------------------+-------+-------------+---------------+-------------+----------+----------------+----------+------------+
* Slice Loads column represents load cell count of all cell types other than IO, GT and clock resources
** IO Loads column represents load cell count of IO types
*** Clocking Loads column represents load cell count that are clock resources (global clock buffer, MMCM, PLL, etc)
**** GT Loads column represents load cell count of GT types


+----+-----+-----+
|    | X0  | X1  |
+----+-----+-----+
| Y2 |   0 |   0 |
| Y1 |   0 |   0 |
| Y0 |  66 |  52 |
+----+-----+-----+


16. Clock Region Cell Placement per Global Clock: Region X0Y0
-------------------------------------------------------------

+-----------+-------+-----------------+------------+-------------+-----------------+----+--------+------+-----+----+------+-----+---------+-------------------------------+
| Global Id | Track | Driver Type/Pin | Constraint | Clock Loads | Non-Clock Loads | FF | LUTRAM | RAMB | DSP | GT | MMCM | PLL | Hard IP | Net                           |
+-----------+-------+-----------------+------------+-------------+-----------------+----+--------+------+-----+----+------+-----+---------+-------------------------------+
| g0        | n/a   | BUFG/O          | None       |          96 |               0 | 96 |      0 |    0 |   0 |  0 |    0 |   0 |       0 | clk_BUFG                      |
| g1        | n/a   | BUFG/O          | None       |          85 |               1 | 85 |      0 |    0 |   0 |  0 |    0 |   0 |       0 | LCD_E_OBUF_BUFG               |
| g2        | n/a   | BUFG/O          | None       |          35 |               0 | 35 |      0 |    0 |   0 |  0 |    0 |   0 |       0 | clock_module/time_date/hour_1 |
| g4        | n/a   | BUFG/O          | None       |          36 |               0 | 36 |      0 |    0 |   0 |  0 |    0 |   0 |       0 | clock_module/time_date/sec_1  |
| g6        | n/a   | BUFG/O          | None       |          38 |               0 | 38 |      0 |    0 |   0 |  0 |    0 |   0 |       0 | clock_module/time_date/day_1  |
| g7        | n/a   | BUFG/O          | None       |          38 |               0 | 38 |      0 |    0 |   0 |  0 |    0 |   0 |       0 | en_1_BUFG                     |
| g9        | n/a   | BUFG/O          | None       |           1 |              65 | 65 |      0 |    0 |   0 |  0 |    0 |   0 |       0 | reset_BUFG                    |
+-----------+-------+-----------------+------------+-------------+-----------------+----+--------+------+-----+----+------+-----+---------+-------------------------------+
* Clock Loads column represents the clock pin loads (pin count)
** Non-Clock Loads column represents the non-clock pin loads (pin count)
*** Columns FF, LUTRAM, RAMB through 'Hard IP' represents load cell counts


17. Clock Region Cell Placement per Global Clock: Region X1Y0
-------------------------------------------------------------

+-----------+-------+-----------------+------------+-------------+-----------------+-----+--------+------+-----+----+------+-----+---------+--------------------------------+
| Global Id | Track | Driver Type/Pin | Constraint | Clock Loads | Non-Clock Loads | FF  | LUTRAM | RAMB | DSP | GT | MMCM | PLL | Hard IP | Net                            |
+-----------+-------+-----------------+------------+-------------+-----------------+-----+--------+------+-----+----+------+-----+---------+--------------------------------+
| g0        | n/a   | BUFG/O          | None       |         165 |               0 | 165 |      0 |    0 |   0 |  0 |    0 |   0 |       0 | clk_BUFG                       |
| g2        | n/a   | BUFG/O          | None       |          39 |               0 |  39 |      0 |    0 |   0 |  0 |    0 |   0 |       0 | clock_module/time_date/hour_1  |
| g3        | n/a   | BUFG/O          | None       |          40 |               0 |  40 |      0 |    0 |   0 |  0 |    0 |   0 |       0 | clock_module/time_date/month_1 |
| g4        | n/a   | BUFG/O          | None       |           4 |               0 |   4 |      0 |    0 |   0 |  0 |    0 |   0 |       0 | clock_module/time_date/sec_1   |
| g5        | n/a   | BUFG/O          | None       |          39 |               0 |  39 |      0 |    0 |   0 |  0 |    0 |   0 |       0 | clock_module/time_date/min_1   |
| g7        | n/a   | BUFG/O          | None       |           0 |              10 |  10 |      0 |    0 |   0 |  0 |    0 |   0 |       0 | en_1_BUFG                      |
| g8        | n/a   | BUFG/O          | None       |           4 |               0 |   4 |      0 |    0 |   0 |  0 |    0 |   0 |       0 | GCLK_IBUF_BUFG                 |
| g9        | n/a   | BUFG/O          | None       |           0 |              52 |  52 |      0 |    0 |   0 |  0 |    0 |   0 |       0 | reset_BUFG                     |
+-----------+-------+-----------------+------------+-------------+-----------------+-----+--------+------+-----+----+------+-----+---------+--------------------------------+
* Clock Loads column represents the clock pin loads (pin count)
** Non-Clock Loads column represents the non-clock pin loads (pin count)
*** Columns FF, LUTRAM, RAMB through 'Hard IP' represents load cell counts


18. Clock Region Cell Placement per Global Clock: Region X0Y1
-------------------------------------------------------------

+-----------+-------+-----------------+------------+-------------+-----------------+----+--------+------+-----+----+------+-----+---------+----------+
| Global Id | Track | Driver Type/Pin | Constraint | Clock Loads | Non-Clock Loads | FF | LUTRAM | RAMB | DSP | GT | MMCM | PLL | Hard IP | Net      |
+-----------+-------+-----------------+------------+-------------+-----------------+----+--------+------+-----+----+------+-----+---------+----------+
| g0        | n/a   | BUFG/O          | None       |          12 |               0 | 12 |      0 |    0 |   0 |  0 |    0 |   0 |       0 | clk_BUFG |
+-----------+-------+-----------------+------------+-------------+-----------------+----+--------+------+-----+----+------+-----+---------+----------+
* Clock Loads column represents the clock pin loads (pin count)
** Non-Clock Loads column represents the non-clock pin loads (pin count)
*** Columns FF, LUTRAM, RAMB through 'Hard IP' represents load cell counts


19. Clock Region Cell Placement per Global Clock: Region X1Y1
-------------------------------------------------------------

+-----------+-------+-----------------+------------+-------------+-----------------+----+--------+------+-----+----+------+-----+---------+----------------+
| Global Id | Track | Driver Type/Pin | Constraint | Clock Loads | Non-Clock Loads | FF | LUTRAM | RAMB | DSP | GT | MMCM | PLL | Hard IP | Net            |
+-----------+-------+-----------------+------------+-------------+-----------------+----+--------+------+-----+----+------+-----+---------+----------------+
| g8        | n/a   | BUFG/O          | None       |          10 |               0 | 10 |      0 |    0 |   0 |  0 |    0 |   0 |       0 | GCLK_IBUF_BUFG |
+-----------+-------+-----------------+------------+-------------+-----------------+----+--------+------+-----+----+------+-----+---------+----------------+
* Clock Loads column represents the clock pin loads (pin count)
** Non-Clock Loads column represents the non-clock pin loads (pin count)
*** Columns FF, LUTRAM, RAMB through 'Hard IP' represents load cell counts



# Location of BUFG Primitives 
set_property LOC BUFGCTRL_X0Y2 [get_cells reset_BUFG_inst]
set_property LOC BUFGCTRL_X0Y4 [get_cells en_1_BUFG_inst]
set_property LOC BUFGCTRL_X0Y5 [get_cells min_reg[31]_i_2]
set_property LOC BUFGCTRL_X0Y6 [get_cells year_reg[31]_i_2]
set_property LOC BUFGCTRL_X0Y7 [get_cells hour_reg[31]_i_2]
set_property LOC BUFGCTRL_X0Y3 [get_cells dow_reg[31]_i_2]
set_property LOC BUFGCTRL_X0Y8 [get_cells month_reg[31]_i_2]
set_property LOC BUFGCTRL_X0Y1 [get_cells clk_BUFG_inst]
set_property LOC BUFGCTRL_X0Y0 [get_cells LCD_E_OBUF_BUFG_inst]
set_property LOC BUFGCTRL_X0Y9 [get_cells GCLK_IBUF_BUFG_inst]

# Location of IO Primitives which is load of clock spine
set_property LOC IOB_X0Y33 [get_cells LCD_E_OBUF_inst]

# Location of clock ports
set_property LOC IOB_X0Y26 [get_ports GCLK]

# Clock net "reset_BUFG" driven by instance "reset_BUFG_inst" located at site "BUFGCTRL_X0Y2"
#startgroup
create_pblock {CLKAG_reset_BUFG}
add_cells_to_pblock [get_pblocks  {CLKAG_reset_BUFG}] [get_cells -filter { PRIMITIVE_GROUP != I/O && IS_PRIMITIVE==1 && PRIMITIVE_LEVEL !=INTERNAL } -of_object [get_pins -filter {DIRECTION==IN} -of_objects [get_nets -hierarchical -filter {PARENT=="reset_BUFG"}]]]
resize_pblock [get_pblocks {CLKAG_reset_BUFG}] -add {CLOCKREGION_X0Y0:CLOCKREGION_X0Y0 CLOCKREGION_X1Y0:CLOCKREGION_X1Y0}
#endgroup

# Clock net "en_1_BUFG" driven by instance "en_1_BUFG_inst" located at site "BUFGCTRL_X0Y4"
#startgroup
create_pblock {CLKAG_en_1_BUFG}
add_cells_to_pblock [get_pblocks  {CLKAG_en_1_BUFG}] [get_cells -filter { PRIMITIVE_GROUP != I/O && IS_PRIMITIVE==1 && PRIMITIVE_LEVEL !=INTERNAL } -of_object [get_pins -filter {DIRECTION==IN} -of_objects [get_nets -hierarchical -filter {PARENT=="en_1_BUFG"}]]]
resize_pblock [get_pblocks {CLKAG_en_1_BUFG}] -add {CLOCKREGION_X0Y0:CLOCKREGION_X0Y0 CLOCKREGION_X1Y0:CLOCKREGION_X1Y0}
#endgroup

# Clock net "clock_module/time_date/sec_1" driven by instance "min_reg[31]_i_2" located at site "BUFGCTRL_X0Y5"
#startgroup
create_pblock {CLKAG_clock_module/time_date/sec_1}
add_cells_to_pblock [get_pblocks  {CLKAG_clock_module/time_date/sec_1}] [get_cells -filter { PRIMITIVE_GROUP != I/O && IS_PRIMITIVE==1 && PRIMITIVE_LEVEL !=INTERNAL } -of_object [get_pins -filter {DIRECTION==IN} -of_objects [get_nets -hierarchical -filter {PARENT=="clock_module/time_date/sec_1"}]]]
resize_pblock [get_pblocks {CLKAG_clock_module/time_date/sec_1}] -add {CLOCKREGION_X0Y0:CLOCKREGION_X0Y0 CLOCKREGION_X1Y0:CLOCKREGION_X1Y0}
#endgroup

# Clock net "clock_module/time_date/month_1" driven by instance "year_reg[31]_i_2" located at site "BUFGCTRL_X0Y6"
#startgroup
create_pblock {CLKAG_clock_module/time_date/month_1}
add_cells_to_pblock [get_pblocks  {CLKAG_clock_module/time_date/month_1}] [get_cells -filter { PRIMITIVE_GROUP != I/O && IS_PRIMITIVE==1 && PRIMITIVE_LEVEL !=INTERNAL } -of_object [get_pins -filter {DIRECTION==IN} -of_objects [get_nets -hierarchical -filter {PARENT=="clock_module/time_date/month_1"}]]]
resize_pblock [get_pblocks {CLKAG_clock_module/time_date/month_1}] -add {CLOCKREGION_X1Y0:CLOCKREGION_X1Y0}
#endgroup

# Clock net "clock_module/time_date/min_1" driven by instance "hour_reg[31]_i_2" located at site "BUFGCTRL_X0Y7"
#startgroup
create_pblock {CLKAG_clock_module/time_date/min_1}
add_cells_to_pblock [get_pblocks  {CLKAG_clock_module/time_date/min_1}] [get_cells -filter { PRIMITIVE_GROUP != I/O && IS_PRIMITIVE==1 && PRIMITIVE_LEVEL !=INTERNAL } -of_object [get_pins -filter {DIRECTION==IN} -of_objects [get_nets -hierarchical -filter {PARENT=="clock_module/time_date/min_1"}]]]
resize_pblock [get_pblocks {CLKAG_clock_module/time_date/min_1}] -add {CLOCKREGION_X1Y0:CLOCKREGION_X1Y0}
#endgroup

# Clock net "clock_module/time_date/hour_1" driven by instance "dow_reg[31]_i_2" located at site "BUFGCTRL_X0Y3"
#startgroup
create_pblock {CLKAG_clock_module/time_date/hour_1}
add_cells_to_pblock [get_pblocks  {CLKAG_clock_module/time_date/hour_1}] [get_cells -filter { PRIMITIVE_GROUP != I/O && IS_PRIMITIVE==1 && PRIMITIVE_LEVEL !=INTERNAL } -of_object [get_pins -filter {DIRECTION==IN} -of_objects [get_nets -hierarchical -filter {PARENT=="clock_module/time_date/hour_1"}]]]
resize_pblock [get_pblocks {CLKAG_clock_module/time_date/hour_1}] -add {CLOCKREGION_X0Y0:CLOCKREGION_X0Y0 CLOCKREGION_X1Y0:CLOCKREGION_X1Y0}
#endgroup

# Clock net "clock_module/time_date/day_1" driven by instance "month_reg[31]_i_2" located at site "BUFGCTRL_X0Y8"
#startgroup
create_pblock {CLKAG_clock_module/time_date/day_1}
add_cells_to_pblock [get_pblocks  {CLKAG_clock_module/time_date/day_1}] [get_cells -filter { PRIMITIVE_GROUP != I/O && IS_PRIMITIVE==1 && PRIMITIVE_LEVEL !=INTERNAL } -of_object [get_pins -filter {DIRECTION==IN} -of_objects [get_nets -hierarchical -filter {PARENT=="clock_module/time_date/day_1"}]]]
resize_pblock [get_pblocks {CLKAG_clock_module/time_date/day_1}] -add {CLOCKREGION_X0Y0:CLOCKREGION_X0Y0}
#endgroup

# Clock net "clk_BUFG" driven by instance "clk_BUFG_inst" located at site "BUFGCTRL_X0Y1"
#startgroup
create_pblock {CLKAG_clk_BUFG}
add_cells_to_pblock [get_pblocks  {CLKAG_clk_BUFG}] [get_cells -filter { PRIMITIVE_GROUP != I/O && IS_PRIMITIVE==1 && PRIMITIVE_LEVEL !=INTERNAL } -of_object [get_pins -filter {DIRECTION==IN} -of_objects [get_nets -hierarchical -filter {PARENT=="clk_BUFG"}]]]
resize_pblock [get_pblocks {CLKAG_clk_BUFG}] -add {CLOCKREGION_X0Y0:CLOCKREGION_X0Y0 CLOCKREGION_X0Y1:CLOCKREGION_X0Y1 CLOCKREGION_X1Y0:CLOCKREGION_X1Y0}
#endgroup

# Clock net "LCD_E_OBUF_BUFG" driven by instance "LCD_E_OBUF_BUFG_inst" located at site "BUFGCTRL_X0Y0"
#startgroup
create_pblock {CLKAG_LCD_E_OBUF_BUFG}
add_cells_to_pblock [get_pblocks  {CLKAG_LCD_E_OBUF_BUFG}] [get_cells -filter { PRIMITIVE_GROUP != I/O && IS_PRIMITIVE==1 && PRIMITIVE_LEVEL !=INTERNAL && NAME!=LCD_E_OBUF_inst} -of_object [get_pins -filter {DIRECTION==IN} -of_objects [get_nets -hierarchical -filter {PARENT=="LCD_E_OBUF_BUFG"}]]]
resize_pblock [get_pblocks {CLKAG_LCD_E_OBUF_BUFG}] -add {CLOCKREGION_X0Y0:CLOCKREGION_X0Y0}
#endgroup

# Clock net "GCLK_IBUF_BUFG" driven by instance "GCLK_IBUF_BUFG_inst" located at site "BUFGCTRL_X0Y9"
#startgroup
create_pblock {CLKAG_GCLK_IBUF_BUFG}
add_cells_to_pblock [get_pblocks  {CLKAG_GCLK_IBUF_BUFG}] [get_cells -filter { PRIMITIVE_GROUP != I/O && IS_PRIMITIVE==1 && PRIMITIVE_LEVEL !=INTERNAL } -of_object [get_pins -filter {DIRECTION==IN} -of_objects [get_nets -hierarchical -filter {PARENT=="GCLK_IBUF_BUFG"}]]]
resize_pblock [get_pblocks {CLKAG_GCLK_IBUF_BUFG}] -add {CLOCKREGION_X1Y0:CLOCKREGION_X1Y0 CLOCKREGION_X1Y1:CLOCKREGION_X1Y1}
#endgroup
